---
source: relaxng-gen/tests/generate.rs
expression: output
---
<addressBook/>
