---
source: relaxng-gen/tests/generate.rs
expression: output
---
<tr class="card" bool="true"/>
