---
source: relaxng-gen/tests/generate.rs
expression: output
---
<number>42</number>
