---
source: relaxng-dump/tests/dump.rs
expression: output
---
<start>
  <reconnect delay enabled timeout/>
</start>
