---
source: relaxng-dump/tests/dump.rs
expression: output
---
<cpu>
  <arch>
    text
  </arch>
  <feature policy/>
  <features>
    <nonpae/>
    <pae/>
    <svm/>
    <vmx/>
  </features>
</cpu>
