---
source: relaxng-dump/tests/dump.rs
expression: output
---
<email type/>
