---
source: relaxng-dump/tests/dump.rs
expression: output
---
<secret type usage uuid/>
