---
source: relaxng-dump/tests/dump.rs
expression: output
---
<code/>
<em/>
text
