---
source: relaxng-dump/tests/dump.rs
expression: output
---
<doc name style/>
