---
source: relaxng-dump/tests/dump.rs
expression: output
---
<root model type/>
