---
source: relaxng-dump/tests/dump.rs
expression: output
---
<tr bool class/>
