---
source: relaxng-dump/tests/dump.rs
expression: output
---
<card bool>
  <preferredFormat>
    <ff>
      text
    </ff>
  </preferredFormat>
</card>
