---
source: relaxng-dump/tests/dump.rs
expression: output
---
<doc>
  <bold/>
  <italic/>
</doc>
